.\.venv\Scripts\python.exe : Creating test database for alias 'defa
ult'...
위치 줄:1 문자:13
+ cd backend; .\.venv\Scripts\python.exe manage.py test > test_outp
ut.t ...
+             ~~~~~~~~~~~~~~~~~~~~~~~~~~~~~~~~~~~~~~~~~~~~~~~~~~~~~
~~~~
    + CategoryInfo          : NotSpecified: (Creating test d...as  
   'default'...:String) [], RemoteException
    + FullyQualifiedErrorId : NativeCommandError
 

Found 19 test(s).
System check identified no issues (0 silenced).
........[WARNING] 2026-02-12 18:54:17 django.request - Bad Request:
 /api/subjects/bulk-update-tree/
F[WARNING] 2026-02-12 18:54:17 django.request - Bad Request: /api/s
ubjects/bulk-update-tree/
.[INFO] 2026-02-12 18:54:17 budget_mgmt.views - detail.create.reque
st trace_id=c44b8fc6063a user_id=None payload={'entry': 1, 'name': 
'현장 출장', 'price': 1000, 'qty': 1, 'freq': 1, 'currency_unit': None,
 'unit': '회', 'freq_unit': None, 'source': '자체', 'organization': No
ne, 'sort_order': 0}
[INFO] 2026-02-12 18:54:17 budget_mgmt.views - detail.create.succes
s trace_id=c44b8fc6063a detail_id=1
.[WARNING] 2026-02-12 18:54:17 django.request - Bad Request: /api/d
etails/parse_expression/
.......E
===================================================================
===
ERROR: test_dashboard_summary_api (budget_mgmt.tests.DashboardAndBu
lkUpsertApiTest.test_dashboard_summary_api)
-------------------------------------------------------------------
---
Traceback (most recent call last):
  File "D:\Budget\backend\budget_mgmt\tests.py", line 279, in test_
dashboard_summary_api
    BudgetDetail.objects.create(entry=entry, name='Item 1', price=1
000, qty=2, freq=1, source='자체')
    ^^^^^^^^^^^^
NameError: name 'BudgetDetail' is not defined

===================================================================
===
FAIL: test_bulk_update_allows_code_swap_atomically (budget_mgmt.tes
ts.BudgetSubjectBulkUpdateApiTest.test_bulk_update_allows_code_swap
_atomically)
-------------------------------------------------------------------
---
Traceback (most recent call last):
  File "D:\Budget\backend\budget_mgmt\tests.py", line 241, in test_
bulk_update_allows_code_swap_atomically
    self.assertEqual(response.status_code, 200)
    ~~~~~~~~~~~~~~~~^^^^^^^^^^^^^^^^^^^^^^^^^^^
AssertionError: 400 != 200

-------------------------------------------------------------------
---
Ran 19 tests in 7.566s

FAILED (failures=1, errors=1)
Destroying test database for alias 'default'...

